2026-03-07 14:40:38 | INFO | ./src/core/experiment_flow | Joystick count at startup: 2
2026-03-07 14:40:38 | INFO | ./src/ui/pygame_render | Joystick acquired: SnakeByte FOXTROT
2026-03-07 14:41:19 | INFO | ./src/utils/saves | Results file created at /Users/amandachirino/Desktop/cerebellum_main/ccs/results/pat_eng_SCA_01_ccs_results_2026_03_07.csv
2026-03-07 14:41:19 | INFO | ./src/core/experiment_flow | Transition: entering motor task
2026-03-07 14:41:24 | INFO | ./src/utils/saves | Results file updated
2026-03-07 14:41:27 | INFO | ./src/utils/saves | Results file updated
2026-03-07 14:41:29 | INFO | ./src/utils/saves | Results file updated
2026-03-07 14:41:31 | INFO | ./src/utils/saves | Results file updated
2026-03-07 14:41:35 | INFO | ./src/utils/saves | Results file updated
2026-03-07 14:41:36 | INFO | ./src/utils/saves | Results file updated
2026-03-07 14:41:38 | INFO | ./src/utils/saves | Results file updated
2026-03-07 14:41:40 | INFO | ./src/utils/saves | Results file updated
2026-03-07 14:41:46 | INFO | ./src/utils/saves | Results file updated
2026-03-07 14:41:48 | INFO | ./src/utils/saves | Results file updated
2026-03-07 14:41:50 | INFO | ./src/utils/saves | Results file updated
2026-03-07 14:41:52 | INFO | ./src/utils/saves | Results file updated
2026-03-07 14:41:56 | INFO | ./src/utils/saves | Results file updated
2026-03-07 14:41:57 | INFO | ./src/utils/saves | Results file updated
2026-03-07 14:41:59 | INFO | ./src/utils/saves | Results file updated
2026-03-07 14:42:01 | INFO | ./src/utils/saves | Results file updated
2026-03-07 14:42:21 | INFO | ./src/core/experiment_flow | Total task duration: 1.73 minutes (104 seconds)
2026-03-07 15:08:52 | INFO | ./src/core/experiment_flow | Joystick count at startup: 2
2026-03-07 15:08:52 | INFO | ./src/ui/pygame_render | Joystick acquired: SnakeByte FOXTROT
2026-03-07 15:09:02 | INFO | ./src/utils/saves | Results file created at /Users/amandachirino/Desktop/cerebellum_main/ccs/results/aver01_ccs_results_2026_03_07.csv
2026-03-07 15:09:02 | INFO | ./src/core/experiment_flow | Transition: entering motor task
2026-03-07 15:09:09 | INFO | ./src/utils/saves | Results file updated
2026-03-07 15:09:11 | INFO | ./src/utils/saves | Results file updated
2026-03-07 15:09:13 | INFO | ./src/core/experiment_flow | Total task duration: 0.37 minutes (22 seconds)
2026-03-07 15:09:36 | INFO | ./src/core/experiment_flow | Joystick count at startup: 2
2026-03-07 15:09:36 | INFO | ./src/ui/pygame_render | Joystick acquired: SnakeByte FOXTROT
2026-03-07 15:09:52 | INFO | ./src/utils/saves | Results file created at /Users/amandachirino/Desktop/cerebellum_main/ccs/results/averrrr01_ccs_results_2026_03_07.csv
2026-03-07 15:09:52 | INFO | ./src/core/experiment_flow | Transition: entering motor task
2026-03-07 15:10:02 | INFO | ./src/utils/saves | Results file updated
2026-03-07 15:10:06 | INFO | ./src/utils/saves | Results file updated
2026-03-07 15:10:10 | INFO | ./src/utils/saves | Results file updated
2026-03-07 15:10:15 | INFO | ./src/utils/saves | Results file updated
2026-03-07 15:10:19 | INFO | ./src/utils/saves | Results file updated
2026-03-07 15:10:23 | INFO | ./src/utils/saves | Results file updated
2026-03-07 15:10:27 | INFO | ./src/utils/saves | Results file updated
2026-03-07 15:10:31 | INFO | ./src/utils/saves | Results file updated
2026-03-07 15:10:35 | INFO | ./src/utils/saves | Results file updated
2026-03-07 15:10:40 | INFO | ./src/utils/saves | Results file updated
2026-03-07 15:10:44 | INFO | ./src/utils/saves | Results file updated
2026-03-07 15:10:49 | INFO | ./src/utils/saves | Results file updated
2026-03-07 15:10:49 | INFO | ./src/core/experiment_flow | Total task duration: 1.23 minutes (74 seconds)
2026-03-07 15:42:38 | INFO | ./src/core/experiment_flow | Joystick count at startup: 2
2026-03-07 15:42:39 | INFO | ./src/ui/pygame_render | Joystick acquired: SnakeByte FOXTROT
2026-03-07 15:42:43 | INFO | ./src/ui/pygame_render | [toggle_full_screen] Quitted fullscreen: 1920 x 1080
2026-03-07 15:42:49 | INFO | ./src/ui/pygame_render | [toggle_full_screen] Entered fullscreen
2026-03-07 15:42:50 | INFO | ./src/ui/pygame_render | [toggle_full_screen] Quitted fullscreen: 1920 x 1080
2026-03-07 15:42:51 | INFO | ./src/ui/pygame_render | [toggle_full_screen] Entered fullscreen
2026-03-07 15:43:04 | INFO | ./src/ui/pygame_render | [toggle_full_screen] Quitted fullscreen: 1920 x 1080
2026-03-07 15:43:05 | INFO | ./src/ui/pygame_render | [toggle_full_screen] Entered fullscreen
2026-03-07 15:43:05 | INFO | ./src/ui/pygame_render | [toggle_full_screen] Quitted fullscreen: 1920 x 1080
2026-03-07 15:43:25 | INFO | ./src/core/experiment_flow | Total task duration: 0.78 minutes (47 seconds)
2026-03-07 15:43:32 | INFO | ./src/core/experiment_flow | Joystick count at startup: 2
2026-03-07 15:43:32 | INFO | ./src/ui/pygame_render | Joystick acquired: SnakeByte FOXTROT
2026-03-07 15:43:40 | INFO | ./src/utils/saves | Results file created at /Users/amandachirino/Desktop/cerebellum_main/ccs/results/averrr02_ccs_results_2026_03_07.csv
2026-03-07 15:43:40 | INFO | ./src/core/experiment_flow | Transition: entering motor task
2026-03-07 15:43:54 | INFO | ./src/utils/saves | Results file updated
2026-03-07 15:43:58 | INFO | ./src/utils/saves | Results file updated
2026-03-07 15:44:02 | INFO | ./src/utils/saves | Results file updated
2026-03-07 15:44:05 | INFO | ./src/utils/saves | Results file updated
2026-03-07 15:44:08 | INFO | ./src/utils/saves | Results file updated
2026-03-07 15:44:11 | INFO | ./src/utils/saves | Results file updated
2026-03-07 15:44:16 | INFO | ./src/utils/saves | Results file updated
2026-03-07 15:44:19 | INFO | ./src/core/experiment_flow | Total task duration: 0.80 minutes (48 seconds)
2026-03-07 15:58:27 | INFO | ./src/core/experiment_flow | Joystick count at startup: 2
2026-03-07 15:58:28 | INFO | ./src/ui/pygame_render | Joystick acquired: SnakeByte FOXTROT
2026-03-07 15:58:37 | INFO | ./src/utils/saves | Results file created at /Users/amandachirino/Desktop/cerebellum_main/ccs/results/camara01_ccs_results_2026_03_07.csv
2026-03-07 15:58:37 | INFO | ./src/core/experiment_flow | Transition: entering motor task
2026-03-07 15:58:47 | INFO | ./src/utils/saves | Results file updated
2026-03-07 15:58:52 | INFO | ./src/utils/saves | Results file updated
2026-03-07 15:58:57 | INFO | ./src/utils/saves | Results file updated
2026-03-07 15:59:01 | INFO | ./src/utils/saves | Results file updated
2026-03-07 15:59:05 | INFO | ./src/utils/saves | Results file updated
2026-03-07 15:59:08 | INFO | ./src/utils/saves | Results file updated
2026-03-07 15:59:11 | INFO | ./src/utils/saves | Results file updated
2026-03-07 15:59:14 | INFO | ./src/core/experiment_flow | Total task duration: 0.78 minutes (47 seconds)
2026-03-07 16:04:31 | INFO | ./src/core/experiment_flow | Joystick count at startup: 2
2026-03-07 16:04:32 | INFO | ./src/ui/pygame_render | Joystick acquired: SnakeByte FOXTROT
2026-03-07 16:04:38 | INFO | ./src/utils/saves | Results file created at /Users/amandachirino/Desktop/cerebellum_main/ccs/results/camara02_ccs_results_2026_03_07.csv
2026-03-07 16:04:38 | INFO | ./src/core/experiment_flow | Transition: entering motor task
2026-03-07 16:04:48 | INFO | ./src/utils/saves | Results file updated
2026-03-07 16:04:51 | INFO | ./src/utils/saves | Results file updated
2026-03-07 16:04:54 | INFO | ./src/utils/saves | Results file updated
2026-03-07 16:04:58 | INFO | ./src/utils/saves | Results file updated
2026-03-07 16:05:01 | INFO | ./src/utils/saves | Results file updated
2026-03-07 16:05:04 | INFO | ./src/utils/saves | Results file updated
2026-03-07 16:05:08 | INFO | ./src/utils/saves | Results file updated
2026-03-07 16:05:11 | INFO | ./src/utils/saves | Results file updated
2026-03-07 16:05:16 | INFO | ./src/utils/saves | Results file updated
2026-03-07 16:05:19 | INFO | ./src/core/experiment_flow | Total task duration: 0.80 minutes (48 seconds)
2026-03-07 16:16:47 | INFO | ./src/core/experiment_flow | Joystick count at startup: 2
2026-03-07 16:16:47 | INFO | ./src/ui/pygame_render | Joystick acquired: SnakeByte FOXTROT
2026-03-07 16:16:56 | INFO | ./src/utils/saves | Results file created at /Users/amandachirino/Desktop/cerebellum_main/ccs/results/camaras03_ccs_results_2026_03_07.csv
2026-03-07 16:16:56 | INFO | ./src/core/experiment_flow | Transition: entering motor task
2026-03-07 16:17:05 | INFO | ./src/utils/saves | Results file updated
2026-03-07 16:17:10 | INFO | ./src/utils/saves | Results file updated
2026-03-07 16:17:14 | INFO | ./src/utils/saves | Results file updated
2026-03-07 16:17:18 | INFO | ./src/utils/saves | Results file updated
2026-03-07 16:17:21 | INFO | ./src/utils/saves | Results file updated
2026-03-07 16:17:24 | INFO | ./src/core/experiment_flow | Total task duration: 0.63 minutes (38 seconds)
2026-03-07 16:24:41 | INFO | ./src/core/experiment_flow | Joystick count at startup: 2
2026-03-07 16:24:41 | INFO | ./src/ui/pygame_render | Joystick acquired: SnakeByte FOXTROT
2026-03-07 16:24:49 | INFO | ./src/utils/saves | Results file created at /Users/amandachirino/Desktop/cerebellum_main/ccs/results/camaras05_ccs_results_2026_03_07.csv
2026-03-07 16:24:49 | INFO | ./src/core/experiment_flow | Transition: entering motor task
2026-03-07 16:25:00 | INFO | ./src/utils/saves | Results file updated
2026-03-07 16:25:04 | INFO | ./src/utils/saves | Results file updated
2026-03-07 16:25:08 | INFO | ./src/utils/saves | Results file updated
2026-03-07 16:25:12 | INFO | ./src/utils/saves | Results file updated
2026-03-07 16:25:15 | INFO | ./src/utils/saves | Results file updated
2026-03-07 16:25:19 | INFO | ./src/core/experiment_flow | Total task duration: 0.63 minutes (38 seconds)
2026-03-07 16:59:03 | INFO | ./src/core/experiment_flow | Joystick count at startup: 2
2026-03-07 16:59:04 | INFO | ./src/ui/pygame_render | Joystick acquired: SnakeByte FOXTROT
2026-03-07 16:59:10 | INFO | ./src/utils/saves | Results file created at /Users/amandachirino/Desktop/cerebellum_main/ccs/results/camaras06_ccs_results_2026_03_07.csv
2026-03-07 16:59:10 | INFO | ./src/core/experiment_flow | Transition: entering motor task
2026-03-07 16:59:22 | INFO | ./src/utils/saves | Results file updated
2026-03-07 16:59:25 | INFO | ./src/utils/saves | Results file updated
2026-03-07 16:59:28 | INFO | ./src/utils/saves | Results file updated
2026-03-07 16:59:33 | INFO | ./src/utils/saves | Results file updated
2026-03-07 16:59:36 | INFO | ./src/utils/saves | Results file updated
2026-03-07 16:59:39 | INFO | ./src/core/experiment_flow | Total task duration: 0.60 minutes (36 seconds)
2026-03-07 17:13:23 | INFO | ./src/core/experiment_flow | Joystick count at startup: 2
2026-03-07 17:13:23 | INFO | ./src/ui/pygame_render | Joystick acquired: SnakeByte FOXTROT
2026-03-07 17:13:33 | INFO | ./src/utils/saves | Results file created at /Users/amandachirino/Desktop/cerebellum_main/ccs/results/chale01_ccs_results_2026_03_07.csv
2026-03-07 17:13:33 | INFO | ./src/core/experiment_flow | Transition: entering motor task
2026-03-07 17:13:46 | INFO | ./src/utils/saves | Results file updated
2026-03-07 17:13:50 | INFO | ./src/utils/saves | Results file updated
2026-03-07 17:13:54 | INFO | ./src/utils/saves | Results file updated
2026-03-07 17:13:57 | INFO | ./src/utils/saves | Results file updated
2026-03-07 17:14:01 | INFO | ./src/utils/saves | Results file updated
2026-03-07 17:14:06 | INFO | ./src/utils/saves | Results file updated
2026-03-07 17:14:10 | INFO | ./src/utils/saves | Results file updated
2026-03-07 17:14:13 | INFO | ./src/utils/saves | Results file updated
2026-03-07 17:14:14 | INFO | ./src/core/experiment_flow | Total task duration: 0.87 minutes (52 seconds)
2026-03-07 17:18:47 | INFO | ./src/core/experiment_flow | Joystick count at startup: 2
2026-03-07 17:18:47 | INFO | ./src/ui/pygame_render | Joystick acquired: SnakeByte FOXTROT
2026-03-07 17:18:54 | INFO | ./src/utils/saves | Results file created at /Users/amandachirino/Desktop/cerebellum_main/ccs/results/chale02_ccs_results_2026_03_07.csv
2026-03-07 17:18:54 | INFO | ./src/core/experiment_flow | Transition: entering motor task
2026-03-07 17:19:04 | INFO | ./src/utils/saves | Results file updated
2026-03-07 17:19:07 | INFO | ./src/utils/saves | Results file updated
2026-03-07 17:19:11 | INFO | ./src/utils/saves | Results file updated
2026-03-07 17:19:14 | INFO | ./src/utils/saves | Results file updated
2026-03-07 17:19:17 | INFO | ./src/utils/saves | Results file updated
2026-03-07 17:19:20 | INFO | ./src/utils/saves | Results file updated
2026-03-07 17:19:24 | INFO | ./src/utils/saves | Results file updated
2026-03-07 17:19:27 | INFO | ./src/utils/saves | Results file updated
2026-03-07 17:19:30 | INFO | ./src/utils/saves | Results file updated
2026-03-07 17:19:33 | INFO | ./src/utils/saves | Results file updated
2026-03-07 17:19:35 | INFO | ./src/core/experiment_flow | Total task duration: 0.80 minutes (48 seconds)
2026-03-07 17:23:59 | INFO | ./src/core/experiment_flow | Joystick count at startup: 2
2026-03-07 17:23:59 | INFO | ./src/ui/pygame_render | Joystick acquired: SnakeByte FOXTROT
2026-03-07 17:24:09 | INFO | ./src/utils/saves | Results file created at /Users/amandachirino/Desktop/cerebellum_main/ccs/results/chalechale01_ccs_results_2026_03_07.csv
2026-03-07 17:24:09 | INFO | ./src/core/experiment_flow | Transition: entering motor task
2026-03-07 17:24:24 | INFO | ./src/utils/saves | Results file updated
2026-03-07 17:24:28 | INFO | ./src/utils/saves | Results file updated
2026-03-07 17:24:33 | INFO | ./src/utils/saves | Results file updated
2026-03-07 17:24:37 | INFO | ./src/utils/saves | Results file updated
2026-03-07 17:24:41 | INFO | ./src/utils/saves | Results file updated
2026-03-07 17:24:44 | INFO | ./src/utils/saves | Results file updated
2026-03-07 17:24:49 | INFO | ./src/core/experiment_flow | Total task duration: 0.85 minutes (51 seconds)
2026-03-07 17:25:49 | INFO | ./src/core/experiment_flow | Joystick count at startup: 2
2026-03-07 17:25:49 | INFO | ./src/ui/pygame_render | Joystick acquired: SnakeByte FOXTROT
2026-03-07 17:26:03 | INFO | ./src/utils/saves | Results file created at /Users/amandachirino/Desktop/cerebellum_main/ccs/results/chalechale02_ccs_results_2026_03_07.csv
2026-03-07 17:26:03 | INFO | ./src/core/experiment_flow | Transition: entering motor task
2026-03-07 17:26:16 | INFO | ./src/utils/saves | Results file updated
2026-03-07 17:26:19 | INFO | ./src/utils/saves | Results file updated
2026-03-07 17:26:22 | INFO | ./src/utils/saves | Results file updated
2026-03-07 17:26:24 | INFO | ./src/utils/saves | Results file updated
2026-03-07 17:26:27 | INFO | ./src/core/experiment_flow | Total task duration: 0.65 minutes (39 seconds)
2026-03-07 19:19:25 | INFO | ./src/core/experiment_flow | Joystick count at startup: 2
2026-03-07 19:19:25 | INFO | ./src/ui/pygame_render | Joystick acquired: SnakeByte FOXTROT
2026-03-07 19:20:03 | INFO | ./src/utils/saves | Results file created at /Users/amandachirino/Desktop/cerebellum_main/ccs/results/ratata01_ccs_results_2026_03_07.csv
2026-03-07 19:20:03 | INFO | ./src/core/experiment_flow | Transition: entering motor task
2026-03-07 19:20:49 | INFO | ./src/utils/saves | Results file updated
2026-03-07 19:20:52 | INFO | ./src/utils/saves | Results file updated
2026-03-07 19:20:55 | INFO | ./src/utils/saves | Results file updated
2026-03-07 19:20:59 | INFO | ./src/utils/saves | Results file updated
2026-03-07 19:21:01 | INFO | ./src/utils/saves | Results file updated
2026-03-07 19:21:06 | INFO | ./src/utils/saves | Results file updated
2026-03-07 19:21:08 | INFO | ./src/utils/saves | Results file updated
2026-03-07 19:21:11 | INFO | ./src/utils/saves | Results file updated
2026-03-07 19:21:14 | INFO | ./src/utils/saves | Results file updated
2026-03-07 19:21:17 | INFO | ./src/utils/saves | Results file updated
2026-03-07 19:21:19 | INFO | ./src/utils/saves | Results file updated
2026-03-07 19:21:22 | INFO | ./src/utils/saves | Results file updated
2026-03-07 19:21:41 | INFO | ./src/utils/saves | Results file updated
2026-03-07 19:21:43 | INFO | ./src/utils/saves | Results file updated
2026-03-07 19:21:47 | INFO | ./src/utils/saves | Results file updated
2026-03-07 19:21:50 | INFO | ./src/utils/saves | Results file updated
2026-03-07 19:21:54 | INFO | ./src/utils/saves | Results file updated
2026-03-07 19:21:56 | INFO | ./src/utils/saves | Results file updated
2026-03-07 19:21:58 | INFO | ./src/utils/saves | Results file updated
2026-03-07 19:22:00 | INFO | ./src/utils/saves | Results file updated
2026-03-07 19:22:01 | INFO | ./src/utils/saves | Results file updated
2026-03-07 19:22:03 | INFO | ./src/utils/saves | Results file updated
2026-03-07 19:22:05 | INFO | ./src/utils/saves | Results file updated
2026-03-07 19:22:07 | INFO | ./src/utils/saves | Results file updated
2026-03-07 19:22:09 | INFO | ./src/utils/saves | Results file updated
2026-03-07 19:22:12 | INFO | ./src/utils/saves | Results file updated
2026-03-07 19:22:14 | INFO | ./src/utils/saves | Results file updated
2026-03-07 19:22:16 | INFO | ./src/utils/saves | Results file updated
2026-03-07 19:22:18 | INFO | ./src/utils/saves | Results file updated
2026-03-07 19:22:20 | INFO | ./src/utils/saves | Results file updated
2026-03-07 19:22:23 | INFO | ./src/utils/saves | Results file updated
2026-03-07 19:22:25 | INFO | ./src/utils/saves | Results file updated
2026-03-07 19:22:27 | INFO | ./src/utils/saves | Results file updated
2026-03-07 19:22:29 | INFO | ./src/utils/saves | Results file updated
2026-03-07 19:22:31 | INFO | ./src/utils/saves | Results file updated
2026-03-07 19:22:32 | INFO | ./src/utils/saves | Results file updated
2026-03-07 19:22:34 | INFO | ./src/utils/saves | Results file updated
2026-03-07 19:22:37 | INFO | ./src/utils/saves | Results file updated
2026-03-07 19:22:39 | INFO | ./src/utils/saves | Results file updated
2026-03-07 19:22:41 | INFO | ./src/utils/saves | Results file updated
2026-03-07 19:22:43 | INFO | ./src/utils/saves | Results file updated
2026-03-07 19:22:45 | INFO | ./src/utils/saves | Results file updated
2026-03-07 19:22:47 | INFO | ./src/utils/saves | Results file updated
2026-03-07 19:22:48 | INFO | ./src/utils/saves | Results file updated
2026-03-07 19:22:50 | INFO | ./src/utils/saves | Results file updated
2026-03-07 19:23:42 | INFO | ./src/utils/saves | Results file updated
2026-03-07 19:23:45 | INFO | ./src/utils/saves | Results file updated
2026-03-07 19:23:48 | INFO | ./src/utils/saves | Results file updated
2026-03-07 19:23:51 | INFO | ./src/utils/saves | Results file updated
2026-03-07 19:23:55 | INFO | ./src/utils/saves | Results file updated
2026-03-07 19:23:59 | INFO | ./src/utils/saves | Results file updated
2026-03-07 19:24:01 | INFO | ./src/utils/saves | Results file updated
2026-03-07 19:24:04 | INFO | ./src/utils/saves | Results file updated
2026-03-07 19:24:07 | INFO | ./src/utils/saves | Results file updated
2026-03-07 19:24:10 | INFO | ./src/utils/saves | Results file updated
2026-03-07 19:24:14 | INFO | ./src/utils/saves | Results file updated
2026-03-07 19:24:16 | INFO | ./src/utils/saves | Results file updated
2026-03-07 19:24:31 | INFO | ./src/utils/saves | Results file updated
2026-03-07 19:24:33 | INFO | ./src/utils/saves | Results file updated
2026-03-07 19:24:35 | INFO | ./src/utils/saves | Results file updated
2026-03-07 19:24:37 | INFO | ./src/utils/saves | Results file updated
2026-03-07 19:24:39 | INFO | ./src/utils/saves | Results file updated
2026-03-07 19:24:41 | INFO | ./src/utils/saves | Results file updated
2026-03-07 19:24:44 | INFO | ./src/utils/saves | Results file updated
2026-03-07 19:24:46 | INFO | ./src/utils/saves | Results file updated
2026-03-07 19:24:48 | INFO | ./src/utils/saves | Results file updated
2026-03-07 19:24:50 | INFO | ./src/utils/saves | Results file updated
2026-03-07 19:24:51 | INFO | ./src/utils/saves | Results file updated
2026-03-07 19:24:53 | INFO | ./src/utils/saves | Results file updated
2026-03-07 19:24:55 | INFO | ./src/utils/saves | Results file updated
2026-03-07 19:24:57 | INFO | ./src/utils/saves | Results file updated
2026-03-07 19:24:58 | INFO | ./src/utils/saves | Results file updated
2026-03-07 19:25:00 | INFO | ./src/utils/saves | Results file updated
2026-03-07 19:25:04 | INFO | ./src/utils/saves | Results file updated
2026-03-07 19:25:05 | INFO | ./src/utils/saves | Results file updated
2026-03-07 19:25:07 | INFO | ./src/utils/saves | Results file updated
2026-03-07 19:25:09 | INFO | ./src/utils/saves | Results file updated
2026-03-07 19:25:11 | INFO | ./src/utils/saves | Results file updated
2026-03-07 19:25:14 | INFO | ./src/utils/saves | Results file updated
2026-03-07 19:25:16 | INFO | ./src/utils/saves | Results file updated
2026-03-07 19:25:18 | INFO | ./src/utils/saves | Results file updated
2026-03-07 19:25:20 | INFO | ./src/utils/saves | Results file updated
2026-03-07 19:25:22 | INFO | ./src/utils/saves | Results file updated
2026-03-07 19:25:24 | INFO | ./src/utils/saves | Results file updated
2026-03-07 19:25:25 | INFO | ./src/utils/saves | Results file updated
2026-03-07 19:25:27 | INFO | ./src/utils/saves | Results file updated
2026-03-07 19:25:29 | INFO | ./src/utils/saves | Results file updated
2026-03-07 19:25:31 | INFO | ./src/utils/saves | Results file updated
2026-03-07 19:25:33 | INFO | ./src/utils/saves | Results file updated
2026-03-07 19:25:34 | INFO | ./src/utils/saves | Results file updated
2026-03-07 19:26:16 | INFO | ./src/core/experiment_flow | Transition: entering sensorimotor task
2026-03-07 19:26:23 | INFO | ./src/utils/saves | Results file updated
2026-03-07 19:26:26 | INFO | ./src/utils/saves | Results file updated
2026-03-07 19:26:29 | INFO | ./src/utils/saves | Results file updated
2026-03-07 19:26:32 | INFO | ./src/utils/saves | Results file updated
2026-03-07 19:26:36 | INFO | ./src/utils/saves | Results file updated
2026-03-07 19:26:40 | INFO | ./src/utils/saves | Results file updated
2026-03-07 19:26:43 | INFO | ./src/utils/saves | Results file updated
2026-03-07 19:26:46 | INFO | ./src/utils/saves | Results file updated
2026-03-07 19:26:49 | INFO | ./src/utils/saves | Results file updated
2026-03-07 19:26:52 | INFO | ./src/utils/saves | Results file updated
2026-03-07 19:26:56 | INFO | ./src/utils/saves | Results file updated
2026-03-07 19:26:59 | INFO | ./src/utils/saves | Results file updated
2026-03-07 19:27:03 | INFO | ./src/utils/saves | Results file updated
2026-03-07 19:27:06 | INFO | ./src/utils/saves | Results file updated
2026-03-07 19:27:09 | INFO | ./src/utils/saves | Results file updated
2026-03-07 19:27:12 | INFO | ./src/utils/saves | Results file updated
2026-03-07 19:27:15 | INFO | ./src/utils/saves | Results file updated
2026-03-07 19:27:19 | INFO | ./src/utils/saves | Results file updated
2026-03-07 19:27:22 | INFO | ./src/utils/saves | Results file updated
2026-03-07 19:27:26 | INFO | ./src/utils/saves | Results file updated
2026-03-07 19:27:29 | INFO | ./src/utils/saves | Results file updated
2026-03-07 19:27:33 | INFO | ./src/utils/saves | Results file updated
2026-03-07 19:27:37 | INFO | ./src/utils/saves | Results file updated
2026-03-07 19:27:40 | INFO | ./src/utils/saves | Results file updated
2026-03-07 19:28:00 | INFO | ./src/utils/saves | Results file updated
2026-03-07 19:28:03 | INFO | ./src/utils/saves | Results file updated
2026-03-07 19:28:05 | INFO | ./src/utils/saves | Results file updated
2026-03-07 19:28:08 | INFO | ./src/utils/saves | Results file updated
2026-03-07 19:28:11 | INFO | ./src/utils/saves | Results file updated
2026-03-07 19:28:14 | INFO | ./src/utils/saves | Results file updated
2026-03-07 19:28:16 | INFO | ./src/utils/saves | Results file updated
2026-03-07 19:28:18 | INFO | ./src/utils/saves | Results file updated
2026-03-07 19:28:20 | INFO | ./src/utils/saves | Results file updated
2026-03-07 19:28:22 | INFO | ./src/utils/saves | Results file updated
2026-03-07 19:28:26 | INFO | ./src/utils/saves | Results file updated
2026-03-07 19:28:29 | INFO | ./src/utils/saves | Results file updated
2026-03-07 19:28:31 | INFO | ./src/utils/saves | Results file updated
2026-03-07 19:28:33 | INFO | ./src/utils/saves | Results file updated
2026-03-07 19:28:35 | INFO | ./src/utils/saves | Results file updated
2026-03-07 19:28:38 | INFO | ./src/utils/saves | Results file updated
2026-03-07 19:28:40 | INFO | ./src/utils/saves | Results file updated
2026-03-07 19:28:42 | INFO | ./src/utils/saves | Results file updated
2026-03-07 19:28:45 | INFO | ./src/utils/saves | Results file updated
2026-03-07 19:28:47 | INFO | ./src/utils/saves | Results file updated
2026-03-07 19:28:49 | INFO | ./src/utils/saves | Results file updated
2026-03-07 19:28:51 | INFO | ./src/utils/saves | Results file updated
2026-03-07 19:28:53 | INFO | ./src/utils/saves | Results file updated
2026-03-07 19:28:55 | INFO | ./src/utils/saves | Results file updated
2026-03-07 19:28:57 | INFO | ./src/utils/saves | Results file updated
2026-03-07 19:29:00 | INFO | ./src/utils/saves | Results file updated
2026-03-07 19:29:02 | INFO | ./src/utils/saves | Results file updated
2026-03-07 19:29:04 | INFO | ./src/utils/saves | Results file updated
2026-03-07 19:29:07 | INFO | ./src/utils/saves | Results file updated
2026-03-07 19:29:09 | INFO | ./src/utils/saves | Results file updated
2026-03-07 19:29:11 | INFO | ./src/utils/saves | Results file updated
2026-03-07 19:29:13 | INFO | ./src/utils/saves | Results file updated
2026-03-07 19:29:15 | INFO | ./src/utils/saves | Results file updated
2026-03-07 19:29:27 | INFO | ./src/utils/saves | Results file updated
2026-03-07 19:29:29 | INFO | ./src/utils/saves | Results file updated
2026-03-07 19:29:32 | INFO | ./src/utils/saves | Results file updated
2026-03-07 19:29:35 | INFO | ./src/utils/saves | Results file updated
2026-03-07 19:29:38 | INFO | ./src/utils/saves | Results file updated
2026-03-07 19:29:40 | INFO | ./src/utils/saves | Results file updated
2026-03-07 19:29:43 | INFO | ./src/utils/saves | Results file updated
2026-03-07 19:29:45 | INFO | ./src/utils/saves | Results file updated
2026-03-07 19:29:47 | INFO | ./src/utils/saves | Results file updated
2026-03-07 19:29:49 | INFO | ./src/utils/saves | Results file updated
2026-03-07 19:29:52 | INFO | ./src/utils/saves | Results file updated
2026-03-07 19:29:55 | INFO | ./src/utils/saves | Results file updated
2026-03-07 19:29:57 | INFO | ./src/utils/saves | Results file updated
2026-03-07 19:29:59 | INFO | ./src/utils/saves | Results file updated
2026-03-07 19:30:01 | INFO | ./src/utils/saves | Results file updated
2026-03-07 19:30:03 | INFO | ./src/utils/saves | Results file updated
2026-03-07 19:30:06 | INFO | ./src/utils/saves | Results file updated
2026-03-07 19:30:08 | INFO | ./src/utils/saves | Results file updated
2026-03-07 19:30:10 | INFO | ./src/utils/saves | Results file updated
2026-03-07 19:30:12 | INFO | ./src/utils/saves | Results file updated
2026-03-07 19:30:14 | INFO | ./src/utils/saves | Results file updated
2026-03-07 19:30:17 | INFO | ./src/utils/saves | Results file updated
2026-03-07 19:30:19 | INFO | ./src/utils/saves | Results file updated
2026-03-07 19:30:22 | INFO | ./src/utils/saves | Results file updated
2026-03-07 19:30:24 | INFO | ./src/utils/saves | Results file updated
2026-03-07 19:30:26 | INFO | ./src/utils/saves | Results file updated
2026-03-07 19:30:28 | INFO | ./src/utils/saves | Results file updated
2026-03-07 19:30:30 | INFO | ./src/utils/saves | Results file updated
2026-03-07 19:30:32 | INFO | ./src/utils/saves | Results file updated
2026-03-07 19:30:36 | INFO | ./src/utils/saves | Results file updated
2026-03-07 19:30:38 | INFO | ./src/utils/saves | Results file updated
2026-03-07 19:30:40 | INFO | ./src/utils/saves | Results file updated
2026-03-07 19:30:42 | INFO | ./src/utils/saves | Results file updated
2026-03-07 19:30:45 | INFO | ./src/core/experiment_flow | Total task duration: 11.35 minutes (681 seconds)
2026-03-07 20:46:58 | INFO | ./src/core/experiment_flow | Joystick count at startup: 2
2026-03-07 20:46:58 | INFO | ./src/ui/pygame_render | Joystick acquired: SnakeByte FOXTROT
2026-03-07 20:56:26 | INFO | ./src/ui/pygame_render | [toggle_full_screen] Quitted fullscreen: 1920 x 1080
2026-03-07 20:56:33 | INFO | ./src/core/experiment_flow | Total task duration: 9.60 minutes (576 seconds)
2026-03-07 21:35:07 | INFO | ./src/core/experiment_flow | Joystick count at startup: 2
2026-03-07 21:35:08 | INFO | ./src/ui/pygame_render | Joystick acquired: SnakeByte FOXTROT
2026-03-07 21:35:17 | INFO | ./src/utils/saves | Results file created at /Users/amandachirino/Desktop/cerebellum_main/ccs/results/sacarracalas01_ccs_results_2026_03_07.csv
2026-03-07 21:35:17 | INFO | ./src/core/experiment_flow | Transition: entering motor task
2026-03-07 21:35:24 | INFO | ./src/utils/saves | Results file updated
2026-03-07 21:35:26 | INFO | ./src/utils/saves | Results file updated
2026-03-07 21:35:28 | INFO | ./src/utils/saves | Results file updated
2026-03-07 21:35:30 | INFO | ./src/utils/saves | Results file updated
2026-03-07 21:35:33 | INFO | ./src/utils/saves | Results file updated
2026-03-07 21:35:35 | INFO | ./src/utils/saves | Results file updated
2026-03-07 21:35:36 | INFO | ./src/utils/saves | Results file updated
2026-03-07 21:35:38 | INFO | ./src/utils/saves | Results file updated
2026-03-07 21:35:44 | INFO | ./src/utils/saves | Results file updated
2026-03-07 21:35:45 | INFO | ./src/utils/saves | Results file updated
2026-03-07 21:35:47 | INFO | ./src/utils/saves | Results file updated
2026-03-07 21:35:49 | INFO | ./src/utils/saves | Results file updated
2026-03-07 21:35:53 | INFO | ./src/utils/saves | Results file updated
2026-03-07 21:35:54 | INFO | ./src/utils/saves | Results file updated
2026-03-07 21:35:56 | INFO | ./src/utils/saves | Results file updated
2026-03-07 21:35:58 | INFO | ./src/utils/saves | Results file updated
2026-03-07 21:36:02 | INFO | ./src/core/experiment_flow | Transition: entering sensorimotor task
2026-03-07 21:36:05 | INFO | ./src/utils/saves | Results file updated
2026-03-07 21:36:07 | INFO | ./src/utils/saves | Results file updated
2026-03-07 21:36:09 | INFO | ./src/utils/saves | Results file updated
2026-03-07 21:36:12 | INFO | ./src/utils/saves | Results file updated
2026-03-07 21:36:14 | INFO | ./src/utils/saves | Results file updated
2026-03-07 21:36:16 | INFO | ./src/utils/saves | Results file updated
2026-03-07 21:36:22 | INFO | ./src/utils/saves | Results file updated
2026-03-07 21:36:24 | INFO | ./src/utils/saves | Results file updated
2026-03-07 21:36:26 | INFO | ./src/utils/saves | Results file updated
2026-03-07 21:36:28 | INFO | ./src/utils/saves | Results file updated
2026-03-07 21:36:29 | INFO | ./src/utils/saves | Results file updated
2026-03-07 21:36:34 | INFO | ./src/core/experiment_flow | Total task duration: 1.45 minutes (87 seconds)
2026-03-07 21:39:11 | INFO | ./src/core/experiment_flow | Joystick count at startup: 2
2026-03-07 21:39:11 | INFO | ./src/ui/pygame_render | Joystick acquired: SnakeByte FOXTROT
2026-03-07 21:39:17 | INFO | ./src/utils/saves | Results file created at /Users/amandachirino/Desktop/cerebellum_main/ccs/results/trakas02_ccs_results_2026_03_07.csv
2026-03-07 21:39:17 | INFO | ./src/core/experiment_flow | Transition: entering motor task
2026-03-07 21:39:22 | INFO | ./src/utils/saves | Results file updated
2026-03-07 21:39:24 | INFO | ./src/utils/saves | Results file updated
2026-03-07 21:39:26 | INFO | ./src/utils/saves | Results file updated
2026-03-07 21:39:28 | INFO | ./src/utils/saves | Results file updated
2026-03-07 21:39:32 | INFO | ./src/utils/saves | Results file updated
2026-03-07 21:39:34 | INFO | ./src/utils/saves | Results file updated
2026-03-07 21:39:36 | INFO | ./src/utils/saves | Results file updated
2026-03-07 21:39:37 | INFO | ./src/utils/saves | Results file updated
2026-03-07 21:39:45 | INFO | ./src/utils/saves | Results file updated
2026-03-07 21:39:47 | INFO | ./src/utils/saves | Results file updated
2026-03-07 21:39:49 | INFO | ./src/utils/saves | Results file updated
2026-03-07 21:39:50 | INFO | ./src/utils/saves | Results file updated
2026-03-07 21:39:54 | INFO | ./src/utils/saves | Results file updated
2026-03-07 21:39:56 | INFO | ./src/utils/saves | Results file updated
2026-03-07 21:39:57 | INFO | ./src/utils/saves | Results file updated
2026-03-07 21:39:59 | INFO | ./src/utils/saves | Results file updated
2026-03-07 21:40:02 | INFO | ./src/core/experiment_flow | Transition: entering sensorimotor task
2026-03-07 21:40:04 | INFO | ./src/utils/saves | Results file updated
2026-03-07 21:40:07 | INFO | ./src/utils/saves | Results file updated
2026-03-07 21:40:08 | INFO | ./src/utils/saves | Results file updated
2026-03-07 21:40:10 | INFO | ./src/utils/saves | Results file updated
2026-03-07 21:40:13 | INFO | ./src/utils/saves | Results file updated
2026-03-07 21:40:13 | INFO | ./src/core/experiment_flow | Total task duration: 1.03 minutes (62 seconds)
2026-03-07 21:41:15 | INFO | ./src/core/experiment_flow | Joystick count at startup: 2
2026-03-07 21:41:15 | INFO | ./src/ui/pygame_render | Joystick acquired: SnakeByte FOXTROT
2026-03-07 21:41:23 | INFO | ./src/utils/saves | Results file created at /Users/amandachirino/Desktop/cerebellum_main/ccs/results/trakas04_ccs_results_2026_03_07.csv
2026-03-07 21:41:23 | INFO | ./src/core/experiment_flow | Transition: entering motor task
2026-03-07 21:41:26 | INFO | ./src/utils/saves | Results file updated
2026-03-07 21:41:28 | INFO | ./src/utils/saves | Results file updated
2026-03-07 21:41:31 | INFO | ./src/utils/saves | Results file updated
2026-03-07 21:41:32 | INFO | ./src/utils/saves | Results file updated
2026-03-07 21:41:37 | INFO | ./src/utils/saves | Results file updated
2026-03-07 21:41:38 | INFO | ./src/utils/saves | Results file updated
2026-03-07 21:41:40 | INFO | ./src/utils/saves | Results file updated
2026-03-07 21:41:42 | INFO | ./src/utils/saves | Results file updated
2026-03-07 21:41:46 | INFO | ./src/utils/saves | Results file updated
2026-03-07 21:41:49 | INFO | ./src/utils/saves | Results file updated
2026-03-07 21:41:50 | INFO | ./src/utils/saves | Results file updated
2026-03-07 21:41:53 | INFO | ./src/utils/saves | Results file updated
2026-03-07 21:41:56 | INFO | ./src/utils/saves | Results file updated
2026-03-07 21:41:58 | INFO | ./src/utils/saves | Results file updated
2026-03-07 21:42:00 | INFO | ./src/utils/saves | Results file updated
2026-03-07 21:42:01 | INFO | ./src/utils/saves | Results file updated
2026-03-07 21:42:04 | INFO | ./src/core/experiment_flow | Transition: entering sensorimotor task
2026-03-07 21:42:06 | INFO | ./src/utils/saves | Results file updated
2026-03-07 21:42:08 | INFO | ./src/utils/saves | Results file updated
2026-03-07 21:42:10 | INFO | ./src/utils/saves | Results file updated
2026-03-07 21:42:12 | INFO | ./src/utils/saves | Results file updated
2026-03-07 21:42:15 | INFO | ./src/utils/saves | Results file updated
2026-03-07 21:42:17 | INFO | ./src/utils/saves | Results file updated
2026-03-07 21:42:23 | INFO | ./src/utils/saves | Results file updated
2026-03-07 21:42:25 | INFO | ./src/utils/saves | Results file updated
2026-03-07 21:42:27 | INFO | ./src/utils/saves | Results file updated
2026-03-07 21:42:29 | INFO | ./src/utils/saves | Results file updated
2026-03-07 21:42:30 | INFO | ./src/utils/saves | Results file updated
2026-03-07 21:42:37 | INFO | ./src/utils/saves | Results file updated
2026-03-07 21:42:39 | INFO | ./src/utils/saves | Results file updated
2026-03-07 21:42:40 | INFO | ./src/utils/saves | Results file updated
2026-03-07 21:42:42 | INFO | ./src/utils/saves | Results file updated
2026-03-07 21:42:43 | INFO | ./src/core/experiment_flow | Total task duration: 1.47 minutes (88 seconds)
2026-03-07 21:56:48 | INFO | ./src/core/experiment_flow | Joystick count at startup: 2
2026-03-07 21:56:48 | INFO | ./src/ui/pygame_render | Joystick acquired: SnakeByte FOXTROT
2026-03-07 21:56:58 | INFO | ./src/utils/saves | Results file created at /Users/amandachirino/Desktop/cerebellum_main/ccs/results/sacalacas02_ccs_results_2026_03_07.csv
2026-03-07 21:56:58 | INFO | ./src/core/experiment_flow | Transition: entering motor task
2026-03-07 21:57:02 | INFO | ./src/utils/saves | Results file updated
2026-03-07 21:57:04 | INFO | ./src/utils/saves | Results file updated
2026-03-07 21:57:06 | INFO | ./src/utils/saves | Results file updated
2026-03-07 21:57:07 | INFO | ./src/utils/saves | Results file updated
2026-03-07 21:57:11 | INFO | ./src/utils/saves | Results file updated
2026-03-07 21:57:13 | INFO | ./src/utils/saves | Results file updated
2026-03-07 21:57:14 | INFO | ./src/utils/saves | Results file updated
2026-03-07 21:57:16 | INFO | ./src/utils/saves | Results file updated
2026-03-07 21:57:21 | INFO | ./src/utils/saves | Results file updated
2026-03-07 21:57:23 | INFO | ./src/utils/saves | Results file updated
2026-03-07 21:57:25 | INFO | ./src/utils/saves | Results file updated
2026-03-07 21:57:27 | INFO | ./src/utils/saves | Results file updated
2026-03-07 21:57:29 | INFO | ./src/utils/saves | Results file updated
2026-03-07 21:57:31 | INFO | ./src/utils/saves | Results file updated
2026-03-07 21:57:32 | INFO | ./src/utils/saves | Results file updated
2026-03-07 21:57:34 | INFO | ./src/utils/saves | Results file updated
2026-03-07 21:57:36 | INFO | ./src/core/experiment_flow | Transition: entering sensorimotor task
2026-03-07 21:57:39 | INFO | ./src/utils/saves | Results file updated
2026-03-07 21:57:41 | INFO | ./src/utils/saves | Results file updated
2026-03-07 21:57:43 | INFO | ./src/utils/saves | Results file updated
2026-03-07 21:57:45 | INFO | ./src/utils/saves | Results file updated
2026-03-07 21:57:48 | INFO | ./src/utils/saves | Results file updated
2026-03-07 21:57:50 | INFO | ./src/utils/saves | Results file updated
2026-03-07 21:57:53 | INFO | ./src/utils/saves | Results file updated
2026-03-07 21:57:54 | INFO | ./src/utils/saves | Results file updated
2026-03-07 21:57:56 | INFO | ./src/utils/saves | Results file updated
2026-03-07 21:57:58 | INFO | ./src/utils/saves | Results file updated
2026-03-07 21:57:59 | INFO | ./src/utils/saves | Results file updated
2026-03-07 21:58:03 | INFO | ./src/utils/saves | Results file updated
2026-03-07 21:58:04 | INFO | ./src/utils/saves | Results file updated
2026-03-07 21:58:06 | INFO | ./src/utils/saves | Results file updated
2026-03-07 21:58:07 | INFO | ./src/utils/saves | Results file updated
2026-03-07 21:58:09 | INFO | ./src/utils/saves | Results file updated
2026-03-07 21:58:11 | INFO | ./src/core/experiment_flow | Total task duration: 1.40 minutes (84 seconds)
