2026-01-02 19:10:05 | INFO | ./src/ui/main_window | Participant ID = alvinmiao2005 | VERSION = None
2026-01-06 16:58:45 | INFO | ./src/ui/main_window | Participant ID = 1 | VERSION = 1
2026-01-06 17:00:45 | INFO | ./src/ui/main_window | Participant ID = 11 | VERSION = 2
2026-01-11 10:04:42 | INFO | ./src/ui/main_window | Participant ID = alvin | VERSION = 1
2026-01-11 10:07:48 | INFO | ./src/ui/main_window | Participant ID = alvin | VERSION = 2
2026-01-11 10:08:28 | INFO | ./src/ui/main_window | Participant ID = alvin | VERSION = 1
2026-01-11 10:10:25 | INFO | ./src/ui/main_window | Participant ID = alvin | VERSION = 1
2026-01-12 10:04:04 | INFO | ./src/ui/experiment_flow | Participant ID = 123321a | VERSION = 1
2026-01-12 10:04:39 | INFO | ./src/core/pygame_setup | [toggle_full_screen] Quitted fullscreen: 1516 x 852
2026-01-12 10:04:42 | INFO | ./src/core/pygame_setup | [toggle_full_screen] Entered fullscreen
2026-01-12 10:04:51 | INFO | ./src/core/pygame_setup | [toggle_full_screen] Quitted fullscreen: 1516 x 852
2026-01-20 09:33:17 | INFO | ./src/core/experiment_flow | Participant ID = alvin | VERSION = 1
2026-01-20 10:00:16 | INFO | ./src/core/experiment_flow | Participant ID = alvin | VERSION = 1
2026-01-20 10:01:08 | INFO | ./src/core/experiment_flow | Participant ID = alvin | VERSION = 1
2026-01-20 22:39:24 | INFO | ./src/core/experiment_flow | Participant ID = alvin | VERSION = 1
2026-01-20 22:56:07 | INFO | ./src/core/experiment_flow | Participant ID = alvin | VERSION = 1
2026-01-20 22:56:18 | INFO | ./src/ui/pygame_render | [toggle_full_screen] Quitted fullscreen: 1516 x 852
2026-01-20 22:56:52 | INFO | ./src/core/experiment_flow | Participant ID = alvin | VERSION = 1
2026-01-20 23:03:25 | INFO | ./src/core/experiment_flow | Participant ID = alvin | VERSION = 1
2026-01-20 23:19:38 | INFO | ./src/core/experiment_flow | Participant ID = alvin | VERSION = 1
2026-01-20 23:20:50 | INFO | ./src/core/experiment_flow | Participant ID = alvin | VERSION = 1
2026-01-20 23:27:04 | INFO | ./src/core/experiment_flow | Participant ID = alvin | VERSION = 1
2026-01-20 23:44:49 | INFO | ./src/core/experiment_flow | Participant ID = alvin | VERSION = 1
2026-01-20 23:44:52 | INFO | ./src/core/experiment_flow | TRIAL_RESULT | stim=5.png | option=2 | status=incorrect | reaction_time_ms=579
2026-01-20 23:44:53 | INFO | ./src/core/experiment_flow | TRIAL_RESULT | stim=3.png | option=1 | status=correct | reaction_time_ms=576
2026-01-20 23:44:54 | INFO | ./src/core/experiment_flow | TRIAL_RESULT | stim=2.png | option=2 | status=correct | reaction_time_ms=558
2026-01-20 23:44:55 | INFO | ./src/core/experiment_flow | TRIAL_RESULT | stim=1.png | option=1 | status=correct | reaction_time_ms=376
2026-01-20 23:44:56 | INFO | ./src/core/experiment_flow | TRIAL_RESULT | stim=4.png | option=None | status=timeout | reaction_time_ms=1000
2026-01-20 23:45:00 | INFO | ./src/core/experiment_flow | TRIAL_RESULT | stim=3.png | option=1 | status=correct | reaction_time_ms=593
2026-01-20 23:45:00 | INFO | ./src/core/experiment_flow | TRIAL_RESULT | stim=1.png | option=2 | status=incorrect | reaction_time_ms=563
2026-01-20 23:45:01 | INFO | ./src/core/experiment_flow | TRIAL_RESULT | stim=5.png | option=1 | status=correct | reaction_time_ms=624
2026-01-20 23:45:02 | INFO | ./src/core/experiment_flow | TRIAL_RESULT | stim=4.png | option=2 | status=correct | reaction_time_ms=520
2026-01-20 23:45:02 | INFO | ./src/core/experiment_flow | TRIAL_RESULT | stim=2.png | option=2 | status=correct | reaction_time_ms=468
2026-01-20 23:46:23 | INFO | ./src/core/experiment_flow | Participant ID = alvin | VERSION = 2
2026-01-20 23:46:29 | ERROR | ./src/ui/pygame_render | [place_image] Image file not found -> C:\Users\alvin\OneDrive\Desktop\CognAC\cerebellum\template\resources\stimuli\stimuli_v2\1.png
2026-01-20 23:46:30 | INFO | ./src/core/experiment_flow | TRIAL_RESULT | stim=1.png | option=None | status=timeout | reaction_time_ms=1000
2026-01-20 23:46:31 | ERROR | ./src/ui/pygame_render | [place_image] Image file not found -> C:\Users\alvin\OneDrive\Desktop\CognAC\cerebellum\template\resources\stimuli\stimuli_v2\3.png
2026-01-20 23:46:32 | INFO | ./src/core/experiment_flow | TRIAL_RESULT | stim=3.png | option=None | status=timeout | reaction_time_ms=1000
2026-01-20 23:46:32 | ERROR | ./src/ui/pygame_render | [place_image] Image file not found -> C:\Users\alvin\OneDrive\Desktop\CognAC\cerebellum\template\resources\stimuli\stimuli_v2\4.png
2026-01-20 23:46:33 | INFO | ./src/core/experiment_flow | TRIAL_RESULT | stim=4.png | option=None | status=timeout | reaction_time_ms=1000
2026-01-20 23:46:34 | ERROR | ./src/ui/pygame_render | [place_image] Image file not found -> C:\Users\alvin\OneDrive\Desktop\CognAC\cerebellum\template\resources\stimuli\stimuli_v2\2.png
2026-01-20 23:46:35 | INFO | ./src/core/experiment_flow | TRIAL_RESULT | stim=2.png | option=None | status=timeout | reaction_time_ms=1000
2026-01-20 23:46:35 | ERROR | ./src/ui/pygame_render | [place_image] Image file not found -> C:\Users\alvin\OneDrive\Desktop\CognAC\cerebellum\template\resources\stimuli\stimuli_v2\5.png
2026-01-20 23:46:36 | INFO | ./src/core/experiment_flow | TRIAL_RESULT | stim=5.png | option=1 | status=correct | reaction_time_ms=257
2026-01-20 23:46:38 | ERROR | ./src/ui/pygame_render | [place_image] Image file not found -> C:\Users\alvin\OneDrive\Desktop\CognAC\cerebellum\template\resources\stimuli\stimuli_v2\4.png
2026-01-20 23:46:39 | INFO | ./src/core/experiment_flow | TRIAL_RESULT | stim=4.png | option=None | status=timeout | reaction_time_ms=1000
2026-01-20 23:46:39 | ERROR | ./src/ui/pygame_render | [place_image] Image file not found -> C:\Users\alvin\OneDrive\Desktop\CognAC\cerebellum\template\resources\stimuli\stimuli_v2\2.png
2026-01-20 23:46:40 | INFO | ./src/core/experiment_flow | TRIAL_RESULT | stim=2.png | option=None | status=timeout | reaction_time_ms=1000
2026-01-20 23:46:40 | ERROR | ./src/ui/pygame_render | [place_image] Image file not found -> C:\Users\alvin\OneDrive\Desktop\CognAC\cerebellum\template\resources\stimuli\stimuli_v2\3.png
2026-01-20 23:46:40 | INFO | ./src/core/experiment_flow | TRIAL_RESULT | stim=3.png | option=1 | status=correct | reaction_time_ms=123
2026-01-20 23:46:40 | ERROR | ./src/ui/pygame_render | [place_image] Image file not found -> C:\Users\alvin\OneDrive\Desktop\CognAC\cerebellum\template\resources\stimuli\stimuli_v2\5.png
2026-01-20 23:46:41 | INFO | ./src/core/experiment_flow | TRIAL_RESULT | stim=5.png | option=2 | status=incorrect | reaction_time_ms=297
2026-01-20 23:46:41 | ERROR | ./src/ui/pygame_render | [place_image] Image file not found -> C:\Users\alvin\OneDrive\Desktop\CognAC\cerebellum\template\resources\stimuli\stimuli_v2\1.png
2026-01-20 23:46:41 | INFO | ./src/core/experiment_flow | TRIAL_RESULT | stim=1.png | option=1 | status=correct | reaction_time_ms=825
2026-01-20 23:47:38 | INFO | ./src/core/experiment_flow | Participant ID = alvin | VERSION = 2
2026-01-20 23:47:41 | INFO | ./src/core/experiment_flow | TRIAL_RESULT | stim=5.png | option=1 | status=correct | reaction_time_ms=797
2026-01-20 23:47:42 | INFO | ./src/core/experiment_flow | TRIAL_RESULT | stim=2.png | option=2 | status=correct | reaction_time_ms=722
2026-01-20 23:47:43 | INFO | ./src/core/experiment_flow | TRIAL_RESULT | stim=4.png | option=1 | status=incorrect | reaction_time_ms=782
2026-01-20 23:47:45 | INFO | ./src/core/experiment_flow | TRIAL_RESULT | stim=3.png | option=None | status=timeout | reaction_time_ms=1000
2026-01-20 23:47:46 | INFO | ./src/core/experiment_flow | TRIAL_RESULT | stim=1.png | option=1 | status=correct | reaction_time_ms=545
2026-01-20 23:47:49 | INFO | ./src/core/experiment_flow | TRIAL_RESULT | stim=3.png | option=1 | status=correct | reaction_time_ms=707
2026-01-20 23:47:50 | INFO | ./src/core/experiment_flow | TRIAL_RESULT | stim=4.png | option=None | status=timeout | reaction_time_ms=1000
2026-01-20 23:47:50 | INFO | ./src/core/experiment_flow | TRIAL_RESULT | stim=1.png | option=2 | status=incorrect | reaction_time_ms=505
2026-01-20 23:47:50 | INFO | ./src/core/experiment_flow | TRIAL_RESULT | stim=5.png | option=1 | status=correct | reaction_time_ms=341
2026-01-20 23:47:51 | INFO | ./src/core/experiment_flow | TRIAL_RESULT | stim=2.png | option=2 | status=correct | reaction_time_ms=771
2026-01-20 23:53:06 | INFO | ./src/core/experiment_flow | Participant ID = alvin | VERSION = 1
2026-01-20 23:53:08 | INFO | ./src/core/experiment_flow | TRIAL_RESULT | block=practice | stim=3.png | option=1 | status=correct | reaction_time_ms=630
2026-01-20 23:53:10 | INFO | ./src/core/experiment_flow | TRIAL_RESULT | block=practice | stim=4.png | option=2 | status=correct | reaction_time_ms=561
2026-01-20 23:53:11 | INFO | ./src/core/experiment_flow | TRIAL_RESULT | block=practice | stim=5.png | option=None | status=timeout | reaction_time_ms=1000
2026-01-20 23:53:12 | INFO | ./src/core/experiment_flow | TRIAL_RESULT | block=practice | stim=1.png | option=2 | status=incorrect | reaction_time_ms=443
2026-01-20 23:53:13 | INFO | ./src/core/experiment_flow | TRIAL_RESULT | block=practice | stim=2.png | option=2 | status=correct | reaction_time_ms=396
2026-01-20 23:53:16 | INFO | ./src/core/experiment_flow | TRIAL_RESULT | block=test | stim=4.png | option=None | status=timeout | reaction_time_ms=1000
2026-01-20 23:53:16 | INFO | ./src/core/experiment_flow | TRIAL_RESULT | block=test | stim=3.png | option=1 | status=correct | reaction_time_ms=493
2026-01-20 23:53:16 | INFO | ./src/core/experiment_flow | TRIAL_RESULT | block=test | stim=2.png | option=2 | status=correct | reaction_time_ms=221
2026-01-20 23:53:17 | INFO | ./src/core/experiment_flow | TRIAL_RESULT | block=test | stim=5.png | option=None | status=timeout | reaction_time_ms=1000
2026-01-20 23:53:18 | INFO | ./src/core/experiment_flow | TRIAL_RESULT | block=test | stim=1.png | option=1 | status=correct | reaction_time_ms=385
2026-01-20 23:59:44 | INFO | ./src/core/experiment_flow | Participant ID = alvin | VERSION = 1
2026-01-20 23:59:48 | INFO | ./src/core/experiment_flow | TRIAL_RESULT | block=practice | stim=4.png | option=2 | status=correct | reaction_time_ms=699
2026-01-20 23:59:49 | INFO | ./src/core/experiment_flow | TRIAL_RESULT | block=practice | stim=5.png | option=1 | status=correct | reaction_time_ms=422
2026-01-20 23:59:50 | INFO | ./src/core/experiment_flow | TRIAL_RESULT | block=practice | stim=2.png | option=2 | status=correct | reaction_time_ms=276
2026-01-20 23:59:50 | INFO | ./src/core/experiment_flow | TRIAL_RESULT | block=practice | stim=3.png | option=1 | status=correct | reaction_time_ms=270
2026-01-20 23:59:51 | INFO | ./src/core/experiment_flow | TRIAL_RESULT | block=practice | stim=1.png | option=2 | status=incorrect | reaction_time_ms=18
2026-01-20 23:59:54 | INFO | ./src/ui/pygame_render | [toggle_full_screen] Quitted fullscreen: 1516 x 852
2026-01-21 00:05:12 | INFO | ./src/core/experiment_flow | Participant ID = alvin | VERSION = 2
2026-01-21 00:05:14 | INFO | ./src/core/experiment_flow | TRIAL_RESULT | block=practice | stim=4.png | option=1 | status=incorrect | reaction_time_ms=652
2026-01-21 00:05:15 | INFO | ./src/core/experiment_flow | TRIAL_RESULT | block=practice | stim=1.png | option=2 | status=incorrect | reaction_time_ms=800
2026-01-21 00:05:16 | INFO | ./src/core/experiment_flow | TRIAL_RESULT | block=practice | stim=5.png | option=1 | status=correct | reaction_time_ms=454
2026-01-21 00:05:17 | INFO | ./src/core/experiment_flow | TRIAL_RESULT | block=practice | stim=2.png | option=2 | status=correct | reaction_time_ms=267
2026-01-21 00:05:18 | INFO | ./src/core/experiment_flow | TRIAL_RESULT | block=practice | stim=3.png | option=1 | status=correct | reaction_time_ms=3
2026-01-21 00:05:20 | INFO | ./src/core/experiment_flow | TRIAL_RESULT | block=test | stim=2.png | option=2 | status=correct | reaction_time_ms=728
2026-01-21 00:05:20 | INFO | ./src/core/experiment_flow | TRIAL_RESULT | block=test | stim=5.png | option=1 | status=correct | reaction_time_ms=76
2026-01-21 00:05:21 | INFO | ./src/core/experiment_flow | TRIAL_RESULT | block=test | stim=3.png | option=1 | status=correct | reaction_time_ms=177
2026-01-21 00:05:21 | INFO | ./src/core/experiment_flow | TRIAL_RESULT | block=test | stim=4.png | option=2 | status=correct | reaction_time_ms=150
2026-01-21 00:05:21 | INFO | ./src/core/experiment_flow | TRIAL_RESULT | block=test | stim=1.png | option=2 | status=incorrect | reaction_time_ms=584
2026-01-21 00:06:13 | INFO | ./src/core/experiment_flow | Participant ID = alvin | VERSION = 1
2026-01-21 00:06:15 | INFO | ./src/core/experiment_flow | TRIAL_RESULT | block=practice | stim=2.png | option=1 | status=incorrect | reaction_time_ms=529
2026-01-21 00:06:16 | INFO | ./src/core/experiment_flow | TRIAL_RESULT | block=practice | stim=3.png | option=2 | status=incorrect | reaction_time_ms=423
2026-01-21 00:06:17 | INFO | ./src/core/experiment_flow | TRIAL_RESULT | block=practice | stim=5.png | option=2 | status=incorrect | reaction_time_ms=355
2026-01-21 00:06:18 | INFO | ./src/core/experiment_flow | TRIAL_RESULT | block=practice | stim=1.png | option=1 | status=correct | reaction_time_ms=546
2026-01-21 00:06:19 | INFO | ./src/core/experiment_flow | TRIAL_RESULT | block=practice | stim=4.png | option=2 | status=correct | reaction_time_ms=321
2026-01-21 00:06:21 | INFO | ./src/core/experiment_flow | TRIAL_RESULT | block=test | stim=5.png | option=None | status=timeout | reaction_time_ms=1000
2026-01-21 00:06:22 | INFO | ./src/core/experiment_flow | TRIAL_RESULT | block=test | stim=4.png | option=2 | status=correct | reaction_time_ms=971
2026-01-21 00:06:23 | INFO | ./src/core/experiment_flow | TRIAL_RESULT | block=test | stim=2.png | option=1 | status=incorrect | reaction_time_ms=425
2026-01-21 00:06:23 | INFO | ./src/core/experiment_flow | TRIAL_RESULT | block=test | stim=3.png | option=2 | status=incorrect | reaction_time_ms=348
2026-01-21 00:06:24 | INFO | ./src/core/experiment_flow | TRIAL_RESULT | block=test | stim=1.png | option=None | status=timeout | reaction_time_ms=1000
2026-01-22 20:30:25 | INFO | ./src/core/experiment_flow | Participant ID = alvin | VERSION = 2
2026-01-22 20:30:29 | INFO | ./src/core/practice | TRIAL_RESULT | block=practice | stim=3.png | option=2 | status=incorrect | reaction_time_ms=698
2026-01-22 20:30:30 | INFO | ./src/core/practice | TRIAL_RESULT | block=practice | stim=2.png | option=1 | status=incorrect | reaction_time_ms=483
2026-01-22 20:30:32 | INFO | ./src/core/practice | TRIAL_RESULT | block=practice | stim=5.png | option=2 | status=incorrect | reaction_time_ms=688
2026-01-22 20:30:33 | INFO | ./src/core/practice | TRIAL_RESULT | block=practice | stim=4.png | option=2 | status=correct | reaction_time_ms=555
2026-01-22 20:30:34 | INFO | ./src/core/practice | TRIAL_RESULT | block=practice | stim=1.png | option=1 | status=correct | reaction_time_ms=419
2026-01-22 20:30:36 | INFO | ./src/core/practice | TRIAL_RESULT | block=test | stim=2.png | option=None | status=timeout | reaction_time_ms=1000
2026-01-22 20:30:36 | INFO | ./src/core/practice | TRIAL_RESULT | block=test | stim=5.png | option=1 | status=correct | reaction_time_ms=265
2026-01-22 20:30:37 | INFO | ./src/core/practice | TRIAL_RESULT | block=test | stim=3.png | option=2 | status=incorrect | reaction_time_ms=328
2026-01-22 20:30:37 | INFO | ./src/core/practice | TRIAL_RESULT | block=test | stim=4.png | option=1 | status=incorrect | reaction_time_ms=226
2026-01-22 20:30:37 | INFO | ./src/core/practice | TRIAL_RESULT | block=test | stim=1.png | option=2 | status=incorrect | reaction_time_ms=101
2026-01-22 20:48:01 | INFO | ./src/core/experiment_flow | Participant ID = final_test | VERSION = 1
2026-01-22 20:48:01 | INFO | ./src/core/saves | Results file created at C:\Users\alvin\OneDrive\Desktop\CognAC\cerebellum\template\results\cfg.final_test_template_results.csv
2026-01-22 20:48:04 | INFO | ./src/core/practice | TRIAL_RESULT | block=practice | stim=4.png | option=None | status=timeout | reaction_time_ms=1000
2026-01-22 20:48:04 | INFO | ./src/core/saves | Results file created at C:\Users\alvin\OneDrive\Desktop\CognAC\cerebellum\template\results\cfg.final_test_template_results.csv
2026-01-22 20:50:42 | INFO | ./src/core/experiment_flow | Participant ID = final_test | VERSION = 1
2026-01-22 20:50:42 | INFO | ./src/core/saves | Results file created at C:\Users\alvin\OneDrive\Desktop\CognAC\cerebellum\template\results\final_test_template_results.csv
2026-01-22 20:50:45 | INFO | ./src/core/practice | TRIAL_RESULT | block=practice | stim=3.png | option=None | status=timeout | reaction_time_ms=1000
2026-01-22 20:50:45 | INFO | ./src/core/saves | Results file updated
2026-01-22 20:50:46 | INFO | ./src/core/practice | TRIAL_RESULT | block=practice | stim=4.png | option=2 | status=correct | reaction_time_ms=470
2026-01-22 20:50:46 | INFO | ./src/core/saves | Results file updated
2026-01-22 20:50:47 | INFO | ./src/core/practice | TRIAL_RESULT | block=practice | stim=2.png | option=1 | status=incorrect | reaction_time_ms=492
2026-01-22 20:50:47 | INFO | ./src/core/saves | Results file updated
2026-01-22 20:50:48 | INFO | ./src/core/practice | TRIAL_RESULT | block=practice | stim=1.png | option=1 | status=correct | reaction_time_ms=528
2026-01-22 20:50:48 | INFO | ./src/core/saves | Results file updated
2026-01-22 20:50:49 | INFO | ./src/core/practice | TRIAL_RESULT | block=practice | stim=5.png | option=2 | status=incorrect | reaction_time_ms=288
2026-01-22 20:50:49 | INFO | ./src/core/saves | Results file updated
2026-01-22 20:50:52 | INFO | ./src/core/practice | TRIAL_RESULT | block=test | stim=1.png | option=None | status=timeout | reaction_time_ms=1000
2026-01-22 20:50:52 | INFO | ./src/core/saves | Results file updated
2026-01-22 20:50:52 | INFO | ./src/core/practice | TRIAL_RESULT | block=test | stim=5.png | option=1 | status=correct | reaction_time_ms=1
2026-01-22 20:50:52 | INFO | ./src/core/saves | Results file updated
2026-01-22 20:50:52 | INFO | ./src/core/practice | TRIAL_RESULT | block=test | stim=4.png | option=2 | status=correct | reaction_time_ms=164
2026-01-22 20:50:52 | INFO | ./src/core/saves | Results file updated
2026-01-22 20:50:53 | INFO | ./src/core/practice | TRIAL_RESULT | block=test | stim=2.png | option=None | status=timeout | reaction_time_ms=1000
2026-01-22 20:50:53 | INFO | ./src/core/saves | Results file updated
2026-01-22 20:50:54 | INFO | ./src/core/practice | TRIAL_RESULT | block=test | stim=3.png | option=1 | status=correct | reaction_time_ms=487
2026-01-22 20:50:54 | INFO | ./src/core/saves | Results file updated
